============================================================
画像生成APIテスト開始
============================================================

【テスト中】 モデル: imagen-4.0-fast-generate-001
------------------------------------------------------------
  方法1: generate_images() を試行中...
  [SUCCESS] generate_images() で画像生成できました

【テスト中】 モデル: imagen-4.0-generate-001
------------------------------------------------------------
  方法1: generate_images() を試行中...
  [SUCCESS] generate_images() で画像生成できました

【テスト中】 モデル: gemini-2.0-flash-exp-image-generation
------------------------------------------------------------
  方法1: generate_images() を試行中...
  [ERROR] エラー: 404 NOT_FOUND. {'error': {'code': 404, 'message': 'models/gemini-2.0-flash-exp-image-generation is not found for API version v1beta, or is not supported for predict. Call ListModels to see the list of available models and their supported methods.', 'status': 'NOT_FOUND'}}
  詳細:
        ~~~~~~~~~~~~~~~^^^^^^^^^^^^^^^^^^^^^^^^^^^^^^^^^^^^^^^^^^^^^^^
      File "C:\Users\sasis\AppData\Local\Programs\Python\Python313\Lib\site-packages\google\genai\errors.py", line 146, in raise_error
        raise ClientError(status_code, response_json, response)
    google.genai.errors.ClientError: 404 NOT_FOUND. {'error': {'code': 404, 'message': 'models/gemini-2.0-flash-exp-image-generation is not found for API version v1beta, or is not supported for predict. Call ListModels to see the list of available models and their supported methods.', 'status': 'NOT_FOUND'}}

【テスト中】 モデル: gemini-2.5-flash-image-preview
------------------------------------------------------------
  方法1: generate_images() を試行中...
  [ERROR] エラー: 404 NOT_FOUND. {'error': {'code': 404, 'message': 'models/gemini-2.5-flash-image-preview is not found for API version v1beta, or is not supported for predict. Call ListModels to see the list of available models and their supported methods.', 'status': 'NOT_FOUND'}}
  詳細:
        ~~~~~~~~~~~~~~~^^^^^^^^^^^^^^^^^^^^^^^^^^^^^^^^^^^^^^^^^^^^^^^
      File "C:\Users\sasis\AppData\Local\Programs\Python\Python313\Lib\site-packages\google\genai\errors.py", line 146, in raise_error
        raise ClientError(status_code, response_json, response)
    google.genai.errors.ClientError: 404 NOT_FOUND. {'error': {'code': 404, 'message': 'models/gemini-2.5-flash-image-preview is not found for API version v1beta, or is not supported for predict. Call ListModels to see the list of available models and their supported methods.', 'status': 'NOT_FOUND'}}

============================================================
テスト完了
============================================================
